---
source: src/render/mermaid/mod.rs
expression: "plain(\"pie title Pets\\n  \\\"Dogs\\\" : 3\\n  \\\"Cats\\\" : 2\\n\")"
---
                                      Pets

Dogs  ████████████████████████████████████████░░░░░░░░░░░░░░░░░░░░░░░░░░   60.0%
Cats  ██████████████████████████░░░░░░░░░░░░░░░░░░░░░░░░░░░░░░░░░░░░░░░░   40.0%
