---
source: tests/layout.rs
expression: "render(name, 60).join(\"\\n\")"
---
Shopping list:

• apples
• bananas
  ◦ green ones
  ◦ yellow ones
    ▪ very yellow
• cherries

3. third
4. fourth
5. fifth

☑ done task
☐ open task with a longer description that will wrap around
  at a narrow width for sure

1. Loose item one.

   Second paragraph of item one.

2. Loose item two with code:

   ▎ echo hi                                              sh

• Item with a quote:

  ▎ quoted inside a list
